// Jest Snapshot v1, https://goo.gl/fbAQLP

exports[`App renders deeply 1`] = `
<Provider
  store={
    Object {
      "dispatch": [Function],
      "getState": [Function],
      "replaceReducer": [Function],
      "subscribe": [Function],
      Symbol(observable): [Function],
    }
  }
>
  <Component>
    <div>
      <Connect(ClickableListNamesComponent)>
        <ClickableListNamesComponent
          listNames={
            Array [
              "list1",
              "list2",
              "list3",
            ]
          }
          onDelete={[Function]}
          onSelect={[Function]}
          selected="list1"
        >
          <ForwardRef(ContextTransform)
            activeKey="list1"
            onSelect={[Function]}
            variant="tabs"
          >
            <ForwardRef
              activeKey="list1"
              onSelect={[Function]}
              variant="tabs"
            >
              <Uncontrolled(Component)
                activeKey="list1"
                innerRef={null}
                onSelect={[Function]}
                variant="tabs"
              >
                <ForwardRef(Bootstrap(Nav))
                  activeKey="list1"
                  onSelect={[Function]}
                  variant="tabs"
                >
                  <Nav
                    activeKey="list1"
                    as="div"
                    bsPrefix="nav"
                    fill={false}
                    justify={false}
                    onSelect={[Function]}
                    variant="tabs"
                  >
                    <ForwardRef(ContextTransform(AbstractNav))
                      activeKey="list1"
                      as="div"
                      className="nav nav-tabs"
                      onSelect={[Function]}
                    >
                      <AbstractNav
                        activeKey="list1"
                        as="div"
                        className="nav nav-tabs"
                        onSelect={[Function]}
                      >
                        <div
                          className="nav nav-tabs"
                          onKeyDown={[Function]}
                        >
                          <ForwardRef(Bootstrap(NavItem))
                            key="0"
                          >
                            <NavItem
                              as="div"
                              bsPrefix="nav-item"
                            >
                              <div
                                className="nav-item"
                              >
                                <ForwardRef(Bootstrap(NavLink))
                                  eventKey="list1"
                                >
                                  <NavLink
                                    as={[Function]}
                                    bsPrefix="nav-link"
                                    disabled={false}
                                    eventKey="list1"
                                    innerRef={null}
                                  >
                                    <AbstractNavItem
                                      as={[Function]}
                                      className="nav-link"
                                      disabled={false}
                                      eventKey="list1"
                                    >
                                      <SafeAnchor
                                        as="a"
                                        className="nav-link active"
                                        data-rb-event-key="list1"
                                        disabled={false}
                                        onClick={[Function]}
                                      >
                                        <a
                                          className="nav-link active"
                                          data-rb-event-key="list1"
                                          href="#"
                                          onClick={[Function]}
                                          onKeyDown={[Function]}
                                          role="button"
                                        >
                                          list1
                                        </a>
                                      </SafeAnchor>
                                    </AbstractNavItem>
                                  </NavLink>
                                </ForwardRef(Bootstrap(NavLink))>
                                <ForwardRef(Bootstrap(Button))
                                  onClick={[Function]}
                                >
                                  <Button
                                    active={false}
                                    bsPrefix="btn"
                                    disabled={false}
                                    innerRef={null}
                                    onClick={[Function]}
                                    type="button"
                                    variant="primary"
                                  >
                                    <button
                                      className="btn btn-primary"
                                      disabled={false}
                                      onClick={[Function]}
                                      type="button"
                                    >
                                      X
                                    </button>
                                  </Button>
                                </ForwardRef(Bootstrap(Button))>
                              </div>
                            </NavItem>
                          </ForwardRef(Bootstrap(NavItem))>
                          <ForwardRef(Bootstrap(NavItem))
                            key="1"
                          >
                            <NavItem
                              as="div"
                              bsPrefix="nav-item"
                            >
                              <div
                                className="nav-item"
                              >
                                <ForwardRef(Bootstrap(NavLink))
                                  eventKey="list2"
                                >
                                  <NavLink
                                    as={[Function]}
                                    bsPrefix="nav-link"
                                    disabled={false}
                                    eventKey="list2"
                                    innerRef={null}
                                  >
                                    <AbstractNavItem
                                      as={[Function]}
                                      className="nav-link"
                                      disabled={false}
                                      eventKey="list2"
                                    >
                                      <SafeAnchor
                                        as="a"
                                        className="nav-link"
                                        data-rb-event-key="list2"
                                        disabled={false}
                                        onClick={[Function]}
                                      >
                                        <a
                                          className="nav-link"
                                          data-rb-event-key="list2"
                                          href="#"
                                          onClick={[Function]}
                                          onKeyDown={[Function]}
                                          role="button"
                                        >
                                          list2
                                        </a>
                                      </SafeAnchor>
                                    </AbstractNavItem>
                                  </NavLink>
                                </ForwardRef(Bootstrap(NavLink))>
                                <ForwardRef(Bootstrap(Button))
                                  onClick={[Function]}
                                >
                                  <Button
                                    active={false}
                                    bsPrefix="btn"
                                    disabled={false}
                                    innerRef={null}
                                    onClick={[Function]}
                                    type="button"
                                    variant="primary"
                                  >
                                    <button
                                      className="btn btn-primary"
                                      disabled={false}
                                      onClick={[Function]}
                                      type="button"
                                    >
                                      X
                                    </button>
                                  </Button>
                                </ForwardRef(Bootstrap(Button))>
                              </div>
                            </NavItem>
                          </ForwardRef(Bootstrap(NavItem))>
                          <ForwardRef(Bootstrap(NavItem))
                            key="2"
                          >
                            <NavItem
                              as="div"
                              bsPrefix="nav-item"
                            >
                              <div
                                className="nav-item"
                              >
                                <ForwardRef(Bootstrap(NavLink))
                                  eventKey="list3"
                                >
                                  <NavLink
                                    as={[Function]}
                                    bsPrefix="nav-link"
                                    disabled={false}
                                    eventKey="list3"
                                    innerRef={null}
                                  >
                                    <AbstractNavItem
                                      as={[Function]}
                                      className="nav-link"
                                      disabled={false}
                                      eventKey="list3"
                                    >
                                      <SafeAnchor
                                        as="a"
                                        className="nav-link"
                                        data-rb-event-key="list3"
                                        disabled={false}
                                        onClick={[Function]}
                                      >
                                        <a
                                          className="nav-link"
                                          data-rb-event-key="list3"
                                          href="#"
                                          onClick={[Function]}
                                          onKeyDown={[Function]}
                                          role="button"
                                        >
                                          list3
                                        </a>
                                      </SafeAnchor>
                                    </AbstractNavItem>
                                  </NavLink>
                                </ForwardRef(Bootstrap(NavLink))>
                                <ForwardRef(Bootstrap(Button))
                                  onClick={[Function]}
                                >
                                  <Button
                                    active={false}
                                    bsPrefix="btn"
                                    disabled={false}
                                    innerRef={null}
                                    onClick={[Function]}
                                    type="button"
                                    variant="primary"
                                  >
                                    <button
                                      className="btn btn-primary"
                                      disabled={false}
                                      onClick={[Function]}
                                      type="button"
                                    >
                                      X
                                    </button>
                                  </Button>
                                </ForwardRef(Bootstrap(Button))>
                              </div>
                            </NavItem>
                          </ForwardRef(Bootstrap(NavItem))>
                        </div>
                      </AbstractNav>
                    </ForwardRef(ContextTransform(AbstractNav))>
                  </Nav>
                </ForwardRef(Bootstrap(Nav))>
              </Uncontrolled(Component)>
            </ForwardRef>
          </ForwardRef(ContextTransform)>
        </ClickableListNamesComponent>
      </Connect(ClickableListNamesComponent)>
      <Connect(ListComponent)>
        <ListComponent
          list={
            Object {
              "items": Array [
                "a",
                "b",
                "c",
                "d",
                "e",
              ],
              "name": "list1",
            }
          }
        >
          <ForwardRef>
            <Uncontrolled(Component)
              innerRef={null}
            >
              <ForwardRef(Bootstrap(ListGroup))
                onSelect={[Function]}
              >
                <ListGroup
                  as="div"
                  bsPrefix="list-group"
                  onSelect={[Function]}
                  variant={null}
                >
                  <ForwardRef(ContextTransform(AbstractNav))
                    as="div"
                    className="list-group"
                    onSelect={[Function]}
                  >
                    <AbstractNav
                      as="div"
                      className="list-group"
                      onSelect={[Function]}
                    >
                      <div
                        className="list-group"
                        onKeyDown={[Function]}
                      >
                        <ForwardRef(Bootstrap(ListGroupItem))
                          key="0"
                        >
                          <ListGroupItem
                            active={false}
                            bsPrefix="list-group-item"
                            disabled={false}
                            variant={null}
                          >
                            <AbstractNavItem
                              as="div"
                              className="list-group-item"
                              disabled={false}
                              eventKey={null}
                              onClick={[Function]}
                            >
                              <div
                                className="list-group-item"
                                data-rb-event-key={null}
                                disabled={false}
                                onClick={[Function]}
                              >
                                a
                              </div>
                            </AbstractNavItem>
                          </ListGroupItem>
                        </ForwardRef(Bootstrap(ListGroupItem))>
                        <ForwardRef(Bootstrap(ListGroupItem))
                          key="1"
                        >
                          <ListGroupItem
                            active={false}
                            bsPrefix="list-group-item"
                            disabled={false}
                            variant={null}
                          >
                            <AbstractNavItem
                              as="div"
                              className="list-group-item"
                              disabled={false}
                              eventKey={null}
                              onClick={[Function]}
                            >
                              <div
                                className="list-group-item"
                                data-rb-event-key={null}
                                disabled={false}
                                onClick={[Function]}
                              >
                                b
                              </div>
                            </AbstractNavItem>
                          </ListGroupItem>
                        </ForwardRef(Bootstrap(ListGroupItem))>
                        <ForwardRef(Bootstrap(ListGroupItem))
                          key="2"
                        >
                          <ListGroupItem
                            active={false}
                            bsPrefix="list-group-item"
                            disabled={false}
                            variant={null}
                          >
                            <AbstractNavItem
                              as="div"
                              className="list-group-item"
                              disabled={false}
                              eventKey={null}
                              onClick={[Function]}
                            >
                              <div
                                className="list-group-item"
                                data-rb-event-key={null}
                                disabled={false}
                                onClick={[Function]}
                              >
                                c
                              </div>
                            </AbstractNavItem>
                          </ListGroupItem>
                        </ForwardRef(Bootstrap(ListGroupItem))>
                        <ForwardRef(Bootstrap(ListGroupItem))
                          key="3"
                        >
                          <ListGroupItem
                            active={false}
                            bsPrefix="list-group-item"
                            disabled={false}
                            variant={null}
                          >
                            <AbstractNavItem
                              as="div"
                              className="list-group-item"
                              disabled={false}
                              eventKey={null}
                              onClick={[Function]}
                            >
                              <div
                                className="list-group-item"
                                data-rb-event-key={null}
                                disabled={false}
                                onClick={[Function]}
                              >
                                d
                              </div>
                            </AbstractNavItem>
                          </ListGroupItem>
                        </ForwardRef(Bootstrap(ListGroupItem))>
                        <ForwardRef(Bootstrap(ListGroupItem))
                          key="4"
                        >
                          <ListGroupItem
                            active={false}
                            bsPrefix="list-group-item"
                            disabled={false}
                            variant={null}
                          >
                            <AbstractNavItem
                              as="div"
                              className="list-group-item"
                              disabled={false}
                              eventKey={null}
                              onClick={[Function]}
                            >
                              <div
                                className="list-group-item"
                                data-rb-event-key={null}
                                disabled={false}
                                onClick={[Function]}
                              >
                                e
                              </div>
                            </AbstractNavItem>
                          </ListGroupItem>
                        </ForwardRef(Bootstrap(ListGroupItem))>
                      </div>
                    </AbstractNav>
                  </ForwardRef(ContextTransform(AbstractNav))>
                </ListGroup>
              </ForwardRef(Bootstrap(ListGroup))>
            </Uncontrolled(Component)>
          </ForwardRef>
        </ListComponent>
      </Connect(ListComponent)>
    </div>
  </Component>
</Provider>
`;

exports[`App renders shallow 1`] = `
<div>
  <Connect(ClickableListNamesComponent) />
  <Connect(ListComponent) />
</div>
`;
